// Jest Snapshot v1, https://goo.gl/fbAQLP

exports[`RainChance component test renders styles correctly 1`] = `
<div
  className="ant-spin ant-spin-lg ant-spin-spinning forecast-spinner"
>
  <span
    className="ant-spin-dot ant-spin-dot-spin"
  >
    <i
      className="ant-spin-dot-item"
    />
    <i
      className="ant-spin-dot-item"
    />
    <i
      className="ant-spin-dot-item"
    />
    <i
      className="ant-spin-dot-item"
    />
  </span>
</div>
`;
